###############################################################################
#
# IAR ELF Linker V8.30.1.114/W32 for ARM                  23/May/2019  16:07:30
# Copyright 2007-2018 IAR Systems AB.
#
#    Output file  =  
#        D:\myProgram\STM32\Newbing\EWARM\MCU_STM32F103RCx\Exe\MCU_STM32F103RCx.out
#    Map file     =  
#        D:\myProgram\STM32\Newbing\EWARM\MCU_STM32F103RCx\List\MCU_STM32F103RCx.map
#    Command line =  
#        -f C:\Users\yang\AppData\Local\Temp\EW9266.tmp
#        (D:\myProgram\STM32\Newbing\EWARM\MCU_STM32F103RCx\Obj\common.o
#        D:\myProgram\STM32\Newbing\EWARM\MCU_STM32F103RCx\Obj\dataPointTools.o
#        D:\myProgram\STM32\Newbing\EWARM\MCU_STM32F103RCx\Obj\gizwits_product.o
#        D:\myProgram\STM32\Newbing\EWARM\MCU_STM32F103RCx\Obj\gizwits_protocol.o
#        D:\myProgram\STM32\Newbing\EWARM\MCU_STM32F103RCx\Obj\hal_key.o
#        D:\myProgram\STM32\Newbing\EWARM\MCU_STM32F103RCx\Obj\main.o
#        D:\myProgram\STM32\Newbing\EWARM\MCU_STM32F103RCx\Obj\ringbuffer.o
#        D:\myProgram\STM32\Newbing\EWARM\MCU_STM32F103RCx\Obj\startup_stm32f103xe.o
#        D:\myProgram\STM32\Newbing\EWARM\MCU_STM32F103RCx\Obj\stm32f1xx_hal.o
#        D:\myProgram\STM32\Newbing\EWARM\MCU_STM32F103RCx\Obj\stm32f1xx_hal_adc.o
#        D:\myProgram\STM32\Newbing\EWARM\MCU_STM32F103RCx\Obj\stm32f1xx_hal_adc_ex.o
#        D:\myProgram\STM32\Newbing\EWARM\MCU_STM32F103RCx\Obj\stm32f1xx_hal_cortex.o
#        D:\myProgram\STM32\Newbing\EWARM\MCU_STM32F103RCx\Obj\stm32f1xx_hal_dma.o
#        D:\myProgram\STM32\Newbing\EWARM\MCU_STM32F103RCx\Obj\stm32f1xx_hal_flash.o
#        D:\myProgram\STM32\Newbing\EWARM\MCU_STM32F103RCx\Obj\stm32f1xx_hal_flash_ex.o
#        D:\myProgram\STM32\Newbing\EWARM\MCU_STM32F103RCx\Obj\stm32f1xx_hal_gpio.o
#        D:\myProgram\STM32\Newbing\EWARM\MCU_STM32F103RCx\Obj\stm32f1xx_hal_gpio_ex.o
#        D:\myProgram\STM32\Newbing\EWARM\MCU_STM32F103RCx\Obj\stm32f1xx_hal_msp.o
#        D:\myProgram\STM32\Newbing\EWARM\MCU_STM32F103RCx\Obj\stm32f1xx_hal_pwr.o
#        D:\myProgram\STM32\Newbing\EWARM\MCU_STM32F103RCx\Obj\stm32f1xx_hal_rcc.o
#        D:\myProgram\STM32\Newbing\EWARM\MCU_STM32F103RCx\Obj\stm32f1xx_hal_rcc_ex.o
#        D:\myProgram\STM32\Newbing\EWARM\MCU_STM32F103RCx\Obj\stm32f1xx_hal_tim.o
#        D:\myProgram\STM32\Newbing\EWARM\MCU_STM32F103RCx\Obj\stm32f1xx_hal_tim_ex.o
#        D:\myProgram\STM32\Newbing\EWARM\MCU_STM32F103RCx\Obj\stm32f1xx_hal_uart.o
#        D:\myProgram\STM32\Newbing\EWARM\MCU_STM32F103RCx\Obj\stm32f1xx_it.o
#        D:\myProgram\STM32\Newbing\EWARM\MCU_STM32F103RCx\Obj\system_stm32f1xx.o
#        D:\myProgram\STM32\Newbing\EWARM\MCU_STM32F103RCx\Obj\Vending_Machine.o
#        --redirect _Printf=_PrintfFull --redirect _Scanf=_ScanfFull
#        --no_out_extension -o
#        D:\myProgram\STM32\Newbing\EWARM\MCU_STM32F103RCx\Exe\MCU_STM32F103RCx.out
#        --map
#        D:\myProgram\STM32\Newbing\EWARM\MCU_STM32F103RCx\List\MCU_STM32F103RCx.map
#        --config D:\myProgram\STM32\Newbing\EWARM/stm32f103xe_flash.icf
#        --semihosting --entry __iar_program_start --vfe --text_out locale)
#
###############################################################################

*******************************************************************************
*** RUNTIME MODEL ATTRIBUTES
***

CppFlavor       = *
__SystemLibrary = DLib
__dlib_version  = 6


*******************************************************************************
*** HEAP SELECTION
***

The basic heap was selected because no calls to memory allocation
functions were found in the application outside of system library
functions, and there are calls to deallocation functions in the
application.


*******************************************************************************
*** PLACEMENT SUMMARY
***

"A0":  place at 0x800'0000 { ro section .intvec };
"P1":  place in [from 0x800'0000 to 0x807'ffff] { ro };
define block CSTACK with size = 1K, alignment = 8 { };
define block HEAP with size = 512, alignment = 8 { };
"P2":  place in [from 0x2000'0000 to 0x2000'ffff] {
          rw, block CSTACK, block HEAP };
initialize by copy { rw };

  Section            Kind         Address    Size  Object
  -------            ----         -------    ----  ------
"A0":                                       0x130
  .intvec            ro code   0x800'0000   0x130  startup_stm32f103xe.o [1]
                             - 0x800'0130   0x130

"P1":                                      0x7555
  .text              ro code   0x800'0130  0x1254  gizwits_protocol.o [1]
  .text              ro code   0x800'1384    0x28  printf.o [2]
  .text              ro code   0x800'13ac   0x208  ringbuffer.o [1]
  .text              ro code   0x800'15b4    0x66  ABImemset.o [4]
  .text              ro code   0x800'161a    0x7a  lz77_init_single.o [4]
  .text              ro code   0x800'1694    0xa6  ABImemcpy.o [4]
  .text              ro code   0x800'173a    0x3a  zero_init3.o [4]
  .text              ro code   0x800'1774   0x5c0  gizwits_product.o [1]
  .text              ro code   0x800'1d34    0x68  memcmp.o [4]
  .text              ro code   0x800'1d9c    0x66  common.o [1]
  .text              ro code   0x800'1e02    0x1e  xencoding_8859_1.o [2]
  .text              ro code   0x800'1e20   0xf7a  xprintffull.o [2]
  .rodata            const     0x800'2d9a     0x2  stm32f1xx_hal_rcc.o [1]
  .text              ro code   0x800'2d9c   0x8f4  Vending_Machine.o [1]
  .text              ro code   0x800'3690   0x170  stm32f1xx_hal_cortex.o [1]
  .text              ro code   0x800'3800   0x6dc  stm32f1xx_hal_uart.o [1]
  .text              ro code   0x800'3edc   0x656  stm32f1xx_hal_tim.o [1]
  .rodata            const     0x800'4532     0x1  gizwits_product.o [1]
  .text              ro code   0x800'4534    0x78  xlocale_c.o [2]
  .text              ro code   0x800'45ac    0x16  strchr.o [4]
  .text              ro code   0x800'45c4    0x40  xfail_s.o [2]
  .text              ro code   0x800'4604    0x36  strlen.o [4]
  .text              ro code   0x800'463c    0x58  memchr.o [4]
  .text              ro code   0x800'4694     0xa  xmbcurmax.o [2]
  .text              ro code   0x800'46a0   0x230  I64DivMod.o [4]
  .text              ro code   0x800'48d0   0x1a2  DblMul.o [3]
  .text              ro code   0x800'4a74    0x70  frexp.o [3]
  .text              ro code   0x800'4ae4    0x2e  DblCmpLe.o [3]
  .text              ro code   0x800'4b14    0x2e  DblCmpGe.o [3]
  .text              ro code   0x800'4b44   0x13a  ldexp.o [3]
  .text              ro code   0x800'4c80    0x3a  DblToS32.o [3]
  .text              ro code   0x800'4cbc    0x22  S32ToDbl.o [3]
  .text              ro code   0x800'4ce0    0xe2  DblSub.o [3]
  .text              ro code   0x800'4dc4   0x246  DblDiv.o [3]
  .text              ro code   0x800'500c    0x28  DblToU32.o [3]
  .text              ro code   0x800'5034    0x1a  U32ToDbl.o [3]
  .text              ro code   0x800'5050   0x2c4  stm32f1xx_hal_gpio.o [1]
  .text              ro code   0x800'5314    0x28  stm32f1xx_hal.o [1]
  .text              ro code   0x800'533c   0x264  stm32f1xx_hal_msp.o [1]
  .text              ro code   0x800'55a0     0xc  stm32f1xx_hal.o [1]
  .text              ro code   0x800'55ac   0x1f8  stm32f1xx_hal_dma.o [1]
  .text              ro code   0x800'57a4     0x2  stm32f1xx_hal_uart.o [1]
  .text              ro code   0x800'57a6     0x2  stm32f1xx_hal_uart.o [1]
  .text              ro code   0x800'57a8   0x65c  stm32f1xx_hal_rcc.o [1]
  .text              ro code   0x800'5e04     0x2  stm32f1xx_hal_tim.o [1]
  .text              ro code   0x800'5e06     0x2  stm32f1xx_hal_tim.o [1]
  .text              ro code   0x800'5e08     0x2  stm32f1xx_hal_tim.o [1]
  .text              ro code   0x800'5e0a     0x2  stm32f1xx_hal_tim.o [1]
  .text              ro code   0x800'5e0c     0x2  stm32f1xx_hal_tim_ex.o [1]
  .text              ro code   0x800'5e0e     0x2  stm32f1xx_hal_tim.o [1]
  .text              ro code   0x800'5e10     0x2  stm32f1xx_hal_tim_ex.o [1]
  .text              ro code   0x800'5e12     0x6  abort.o [2]
  .text              ro code   0x800'5e18     0x2  I64DivZer.o [4]
  .text              ro code   0x800'5e1c   0x17a  DblAdd.o [3]
  .text              ro code   0x800'5f98     0x6  ABImemclr4.o [4]
  .text              ro code   0x800'5fa0    0x4c  stm32f1xx_hal.o [1]
  .text              ro code   0x800'5fec    0x14  exit.o [5]
  .text              ro code   0x800'6000    0x32  ABImemset48.o [4]
  .text              ro code   0x800'6034   0x566  main.o [1]
  .text              ro code   0x800'659c    0x24  stm32f1xx_hal.o [1]
  .text              ro code   0x800'65c0   0x4c0  stm32f1xx_hal_adc.o [1]
  .text              ro code   0x800'6a80   0x12c  stm32f1xx_hal_rcc_ex.o [1]
  .text              ro code   0x800'6bac    0x5c  stm32f1xx_hal_tim_ex.o [1]
  .text              ro code   0x800'6c08    0x58  system_stm32f1xx.o [1]
  .text              ro code   0x800'6c60    0x34  stm32f1xx_it.o [1]
  .text              ro code   0x800'6c94    0x18  stm32f1xx_hal.o [1]
  .rodata            const     0x800'6cac    0x30  gizwits_protocol.o [1]
  .rodata            const     0x800'6cdc    0x30  gizwits_protocol.o [1]
  .rodata            const     0x800'6d0c    0x30  gizwits_protocol.o [1]
  .rodata            const     0x800'6d3c    0x30  gizwits_protocol.o [1]
  .rodata            const     0x800'6d6c    0x30  gizwits_protocol.o [1]
  .rodata            const     0x800'6d9c    0x2c  gizwits_product.o [1]
  .rodata            const     0x800'6dc8    0x2c  gizwits_protocol.o [1]
  .rodata            const     0x800'6df4    0x2c  gizwits_protocol.o [1]
  .rodata            const     0x800'6e20    0x2c  gizwits_protocol.o [1]
  .rodata            const     0x800'6e4c    0x2c  gizwits_protocol.o [1]
  .rodata            const     0x800'6e78    0x28  gizwits_protocol.o [1]
  .rodata            const     0x800'6ea0    0x28  gizwits_protocol.o [1]
  .rodata            const     0x800'6ec8    0x28  gizwits_protocol.o [1]
  .rodata            const     0x800'6ef0    0x28  gizwits_protocol.o [1]
  .rodata            const     0x800'6f18    0x28  gizwits_protocol.o [1]
  .text              ro code   0x800'6f40    0x28  data_init.o [4]
  .rodata            const     0x800'6f68    0x24  gizwits_protocol.o [1]
  .rodata            const     0x800'6f8c    0x24  gizwits_protocol.o [1]
  .rodata            const     0x800'6fb0    0x24  gizwits_protocol.o [1]
  .iar.init_table    const     0x800'6fd4    0x20  - Linker created -
  .rodata            const     0x800'6ff4    0x20  gizwits_protocol.o [1]
  .rodata            const     0x800'7014    0x20  gizwits_protocol.o [1]
  .rodata            const     0x800'7034    0x20  gizwits_protocol.o [1]
  .rodata            const     0x800'7054    0x20  gizwits_protocol.o [1]
  .rodata            const     0x800'7074    0x20  gizwits_protocol.o [1]
  .rodata            const     0x800'7094    0x20  gizwits_protocol.o [1]
  .rodata            const     0x800'70b4    0x20  gizwits_protocol.o [1]
  .rodata            const     0x800'70d4    0x20  gizwits_protocol.o [1]
  .rodata            const     0x800'70f4    0x20  gizwits_protocol.o [1]
  .text              ro code   0x800'7114    0x1e  cmain.o [4]
  .text              ro code   0x800'7132     0x4  low_level_init.o [2]
  .text              ro code   0x800'7136     0x4  exit.o [2]
  .text              ro code   0x800'713c     0xa  cexit.o [4]
  .rodata            const     0x800'7148    0x1c  gizwits_protocol.o [1]
  .rodata            const     0x800'7164    0x1c  gizwits_protocol.o [1]
  .rodata            const     0x800'7180    0x1c  gizwits_protocol.o [1]
  .rodata            const     0x800'719c    0x1c  gizwits_protocol.o [1]
  .rodata            const     0x800'71b8    0x1c  gizwits_protocol.o [1]
  .rodata            const     0x800'71d4    0x1c  gizwits_protocol.o [1]
  .rodata            const     0x800'71f0    0x1c  gizwits_protocol.o [1]
  .rodata            const     0x800'720c    0x1c  gizwits_protocol.o [1]
  .rodata            const     0x800'7228    0x1c  gizwits_protocol.o [1]
  .rodata            const     0x800'7244    0x1c  gizwits_protocol.o [1]
  .rodata            const     0x800'7260    0x18  gizwits_product.o [1]
  .rodata            const     0x800'7278    0x18  gizwits_protocol.o [1]
  .rodata            const     0x800'7290    0x18  gizwits_protocol.o [1]
  .rodata            const     0x800'72a8    0x18  gizwits_protocol.o [1]
  .rodata            const     0x800'72c0    0x18  gizwits_protocol.o [1]
  .rodata            const     0x800'72d8    0x18  gizwits_protocol.o [1]
  .rodata            const     0x800'72f0    0x18  gizwits_protocol.o [1]
  .rodata            const     0x800'7308    0x18  gizwits_protocol.o [1]
  .rodata            const     0x800'7320    0x18  gizwits_protocol.o [1]
  .rodata            const     0x800'7338    0x18  gizwits_protocol.o [1]
  .rodata            const     0x800'7350    0x18  gizwits_protocol.o [1]
  .text              ro code   0x800'7368    0x16  xprout.o [2]
  .text              ro code   0x800'7380     0xc  putchar.o [2]
  .rodata            const     0x800'738c    0x14  gizwits_product.o [1]
  .rodata            const     0x800'73a0    0x14  gizwits_product.o [1]
  .rodata            const     0x800'73b4    0x14  gizwits_product.o [1]
  .rodata            const     0x800'73c8    0x14  gizwits_product.o [1]
  .rodata            const     0x800'73dc    0x14  gizwits_protocol.o [1]
  .rodata            const     0x800'73f0    0x14  gizwits_protocol.o [1]
  .rodata            const     0x800'7404    0x14  gizwits_protocol.o [1]
  .rodata            const     0x800'7418    0x14  gizwits_protocol.o [1]
  .rodata            const     0x800'742c    0x14  gizwits_protocol.o [1]
  .rodata            const     0x800'7440    0x14  gizwits_protocol.o [1]
  .rodata            const     0x800'7454    0x14  main.o [1]
  .rodata            const     0x800'7468    0x10  gizwits_protocol.o [1]
  .rodata            const     0x800'7478    0x10  gizwits_protocol.o [1]
  .rodata            const     0x800'7488    0x10  gizwits_protocol.o [1]
  .rodata            const     0x800'7498    0x10  stm32f1xx_hal_rcc.o [1]
  .rodata            const     0x800'74a8    0x10  system_stm32f1xx.o [1]
  .text              ro code   0x800'74b8    0x10  startup_stm32f103xe.o [1]
  .rodata            const     0x800'74c8     0xc  gizwits_product.o [1]
  .rodata            const     0x800'74d4     0xc  gizwits_protocol.o [1]
  .rodata            const     0x800'74e0     0xc  gizwits_protocol.o [1]
  .rodata            const     0x800'74ec     0xc  gizwits_protocol.o [1]
  .rodata            const     0x800'74f8     0xc  gizwits_protocol.o [1]
  .rodata            const     0x800'7504     0xc  gizwits_protocol.o [1]
  .text              ro code   0x800'7510     0xc  cstartup_M.o [4]
  .rodata            const     0x800'751c     0x8  gizwits_product.o [1]
  .rodata            const     0x800'7524     0x8  gizwits_protocol.o [1]
  .rodata            const     0x800'752c     0x8  main.o [1]
  .rodata            const     0x800'7534     0x8  system_stm32f1xx.o [1]
  .rodata            const     0x800'753c     0x8  Vending_Machine.o [1]
  .rodata            const     0x800'7544     0x6  xlocale_c.o [2]
  .text              ro code   0x800'754a     0x4  startup_stm32f103xe.o [1]
  .text              ro code   0x800'754e     0x4  startup_stm32f103xe.o [1]
  .text              ro code   0x800'7552     0x4  startup_stm32f103xe.o [1]
  .text              ro code   0x800'7556     0x4  startup_stm32f103xe.o [1]
  .text              ro code   0x800'755a     0x4  startup_stm32f103xe.o [1]
  .text              ro code   0x800'755e     0x4  startup_stm32f103xe.o [1]
  .text              ro code   0x800'7562     0x4  startup_stm32f103xe.o [1]
  .text              ro code   0x800'7566     0x4  startup_stm32f103xe.o [1]
  .text              ro code   0x800'756a     0x4  startup_stm32f103xe.o [1]
  .text              ro code   0x800'756e     0x4  startup_stm32f103xe.o [1]
  .text              ro code   0x800'7572     0x4  startup_stm32f103xe.o [1]
  .text              ro code   0x800'7576     0x4  startup_stm32f103xe.o [1]
  .text              ro code   0x800'757a     0x4  startup_stm32f103xe.o [1]
  .text              ro code   0x800'757e     0x4  startup_stm32f103xe.o [1]
  .text              ro code   0x800'7582     0x4  startup_stm32f103xe.o [1]
  .text              ro code   0x800'7586     0x4  startup_stm32f103xe.o [1]
  .text              ro code   0x800'758a     0x4  startup_stm32f103xe.o [1]
  .text              ro code   0x800'758e     0x4  startup_stm32f103xe.o [1]
  .text              ro code   0x800'7592     0x4  startup_stm32f103xe.o [1]
  .text              ro code   0x800'7596     0x4  startup_stm32f103xe.o [1]
  .text              ro code   0x800'759a     0x4  startup_stm32f103xe.o [1]
  .text              ro code   0x800'759e     0x4  startup_stm32f103xe.o [1]
  .text              ro code   0x800'75a2     0x4  startup_stm32f103xe.o [1]
  .text              ro code   0x800'75a6     0x4  startup_stm32f103xe.o [1]
  .text              ro code   0x800'75aa     0x4  startup_stm32f103xe.o [1]
  .text              ro code   0x800'75ae     0x4  startup_stm32f103xe.o [1]
  .text              ro code   0x800'75b2     0x4  startup_stm32f103xe.o [1]
  .text              ro code   0x800'75b6     0x4  startup_stm32f103xe.o [1]
  .text              ro code   0x800'75ba     0x4  startup_stm32f103xe.o [1]
  .text              ro code   0x800'75be     0x4  startup_stm32f103xe.o [1]
  .text              ro code   0x800'75c2     0x4  startup_stm32f103xe.o [1]
  .text              ro code   0x800'75c6     0x4  startup_stm32f103xe.o [1]
  .text              ro code   0x800'75ca     0x4  startup_stm32f103xe.o [1]
  .text              ro code   0x800'75ce     0x4  startup_stm32f103xe.o [1]
  .text              ro code   0x800'75d2     0x4  startup_stm32f103xe.o [1]
  .text              ro code   0x800'75d6     0x4  startup_stm32f103xe.o [1]
  .text              ro code   0x800'75da     0x4  startup_stm32f103xe.o [1]
  .text              ro code   0x800'75de     0x4  startup_stm32f103xe.o [1]
  .text              ro code   0x800'75e2     0x4  startup_stm32f103xe.o [1]
  .text              ro code   0x800'75e6     0x4  startup_stm32f103xe.o [1]
  .text              ro code   0x800'75ea     0x4  startup_stm32f103xe.o [1]
  .text              ro code   0x800'75ee     0x4  startup_stm32f103xe.o [1]
  .text              ro code   0x800'75f2     0x4  startup_stm32f103xe.o [1]
  .text              ro code   0x800'75f6     0x4  startup_stm32f103xe.o [1]
  .text              ro code   0x800'75fa     0x4  startup_stm32f103xe.o [1]
  .text              ro code   0x800'75fe     0x4  startup_stm32f103xe.o [1]
  .text              ro code   0x800'7602     0x4  startup_stm32f103xe.o [1]
  .text              ro code   0x800'7606     0x4  startup_stm32f103xe.o [1]
  .text              ro code   0x800'760a     0x4  startup_stm32f103xe.o [1]
  .text              ro code   0x800'760e     0x4  startup_stm32f103xe.o [1]
  .text              ro code   0x800'7612     0x4  startup_stm32f103xe.o [1]
  .text              ro code   0x800'7616     0x4  startup_stm32f103xe.o [1]
  .text              ro code   0x800'761a     0x4  startup_stm32f103xe.o [1]
  .text              ro code   0x800'761e     0x4  startup_stm32f103xe.o [1]
  .text              ro code   0x800'7622     0x4  startup_stm32f103xe.o [1]
  .text              ro code   0x800'7626     0x4  startup_stm32f103xe.o [1]
  .text              ro code   0x800'762a     0x4  startup_stm32f103xe.o [1]
  .text              ro code   0x800'762e     0x4  startup_stm32f103xe.o [1]
  .rodata            const     0x800'7632     0x0  zero_init3.o [4]
  .rodata            const     0x800'7632     0x0  lz77_init_single.o [4]
  Initializer bytes  const     0x800'7632    0x53  <for P2-1>
                             - 0x800'7685  0x7555

"P2", part 1 of 3:                           0xd1
  P2-1                        0x2000'0000    0xd1  <Init block>
    .data            inited   0x2000'0000     0x4  stm32f1xx_hal.o [1]
    .data            inited   0x2000'0004     0x4  system_stm32f1xx.o [1]
    .data            inited   0x2000'0008    0x38  xlocale_c.o [2]
    .data            inited   0x2000'0040    0x48  xlocale_c.o [2]
    .data            inited   0x2000'0088    0x48  xfiles.o [2]
    .data            inited   0x2000'00d0     0x1  stm32f1xx_hal.o [1]
                            - 0x2000'00d1    0xd1

"P2", part 2 of 3:                          0x42c
  .bss               zero     0x2000'00d4   0x180  gizwits_protocol.o [1]
  .bss               zero     0x2000'0254    0x5c  gizwits_protocol.o [1]
  .bss               zero     0x2000'02b0    0x50  xfiles.o [2]
  .bss               zero     0x2000'0300    0x40  main.o [1]
  .bss               zero     0x2000'0340    0x40  main.o [1]
  .bss               zero     0x2000'0380    0x40  main.o [1]
  .bss               zero     0x2000'03c0    0x40  main.o [1]
  .bss               zero     0x2000'0400    0x38  Vending_Machine.o [1]
  .bss               zero     0x2000'0438    0x30  main.o [1]
  .bss               zero     0x2000'0468    0x28  Vending_Machine.o [1]
  .bss               zero     0x2000'0490    0x18  gizwits_product.o [1]
  .bss               zero     0x2000'04a8    0x10  gizwits_protocol.o [1]
  .bss               zero     0x2000'04b8    0x10  Vending_Machine.o [1]
  .bss               zero     0x2000'04c8     0xc  Vending_Machine.o [1]
  .bss               zero     0x2000'04d8     0x8  main.o [1]
  .bss               zero     0x2000'04e0     0x4  gizwits_product.o [1]
  .bss               zero     0x2000'04e4     0x4  gizwits_protocol.o [1]
  .bss               zero     0x2000'04e8     0x4  gizwits_protocol.o [1]
  .bss               zero     0x2000'04ec     0x4  main.o [1]
  .bss               zero     0x2000'04f0     0x4  stm32f1xx_hal.o [1]
  .bss               zero     0x2000'04f4     0x4  xfail_s.o [2]
  .bss               zero     0x2000'04f8     0x2  gizwits_protocol.o [1]
  .bss               zero     0x2000'04fa     0x2  gizwits_protocol.o [1]
  .bss               zero     0x2000'04fc     0x1  gizwits_product.o [1]
  .bss               zero     0x2000'04fd     0x1  gizwits_protocol.o [1]
  .bss               zero     0x2000'04fe     0x1  gizwits_protocol.o [1]
  .bss               zero     0x2000'04ff     0x1  gizwits_protocol.o [1]
                            - 0x2000'0500   0x42c

"P2", part 3 of 3:                          0x400
  CSTACK                      0x2000'0500   0x400  <Block>
    CSTACK           uninit   0x2000'0500   0x400  <Block tail>
                            - 0x2000'0900   0x400

Unused ranges:

         From           To      Size
         ----           --      ----
   0x800'7685   0x807'ffff  0x7'897b
  0x2000'00d1  0x2000'00d3       0x3
  0x2000'0900  0x2000'ffff    0xf700


*******************************************************************************
*** INIT TABLE
***

          Address      Size
          -------      ----
Zero (__iar_zero_init3)
    1 destination range, total size 0x42c:
          0x2000'00d4  0x42c

Copy/lz77 (__iar_lz77_init_single3)
    1 source range, total size 0x53 (39% of destination):
           0x800'7632   0x53
    1 destination range, total size 0xd1:
          0x2000'0000   0xd1



*******************************************************************************
*** MODULE SUMMARY
***

    Module                  ro code  ro data  rw data
    ------                  -------  -------  -------
command line/config:
    -------------------------------------------------
    Total:

D:\myProgram\STM32\Newbing\EWARM\MCU_STM32F103RCx\Obj: [1]
    Vending_Machine.o         2 292        8      124
    common.o                    102
    gizwits_product.o         1 472      169       29
    gizwits_protocol.o        4 692    1 768      507
    main.o                    1 382       28      316
    ringbuffer.o                520
    startup_stm32f103xe.o       552
    stm32f1xx_hal.o             188        2        9
    stm32f1xx_hal_adc.o       1 216
    stm32f1xx_hal_cortex.o      368
    stm32f1xx_hal_dma.o         504
    stm32f1xx_hal_gpio.o        708
    stm32f1xx_hal_msp.o         612
    stm32f1xx_hal_rcc.o       1 628       18
    stm32f1xx_hal_rcc_ex.o      300
    stm32f1xx_hal_tim.o       1 632
    stm32f1xx_hal_tim_ex.o       96
    stm32f1xx_hal_uart.o      1 760
    stm32f1xx_it.o               52
    system_stm32f1xx.o           88       26        4
    -------------------------------------------------
    Total:                   20 164    2 019      989

dl7M_tlf.a: [2]
    abort.o                       6
    exit.o                        4
    low_level_init.o              4
    printf.o                     40
    putchar.o                    12
    xencoding_8859_1.o           30
    xfail_s.o                    64                 4
    xfiles.o                              28      152
    xlocale_c.o                 120       57      128
    xmbcurmax.o                  10
    xprintffull.o             3 962
    xprout.o                     22
    -------------------------------------------------
    Total:                    4 274       85      284

m7M_tl.a: [3]
    DblAdd.o                    378
    DblCmpGe.o                   46
    DblCmpLe.o                   46
    DblDiv.o                    582
    DblMul.o                    418
    DblSub.o                    226
    DblToS32.o                   58
    DblToU32.o                   40
    S32ToDbl.o                   34
    U32ToDbl.o                   26
    frexp.o                     112
    ldexp.o                     314
    -------------------------------------------------
    Total:                    2 280

rt7M_tl.a: [4]
    ABImemclr4.o                  6
    ABImemcpy.o                 166
    ABImemset.o                 102
    ABImemset48.o                50
    I64DivMod.o                 560
    I64DivZer.o                   2
    cexit.o                      10
    cmain.o                      30
    cstartup_M.o                 12
    data_init.o                  40
    lz77_init_single.o          122
    memchr.o                     88
    memcmp.o                    104
    strchr.o                     22
    strlen.o                     54
    zero_init3.o                 58
    -------------------------------------------------
    Total:                    1 426

shb_l.a: [5]
    exit.o                       20
    -------------------------------------------------
    Total:                       20

    Gaps                         39        2        4
    Linker created                        32    1 024
-----------------------------------------------------
    Grand Total:             28 203    2 138    2 301


*******************************************************************************
*** ENTRY LIST
***

Entry                       Address   Size  Type      Object
-----                       -------   ----  ----      ------
.iar.init_table$$Base    0x800'6fd4          --   Gb  - Linker created -
.iar.init_table$$Limit   0x800'6ff4          --   Gb  - Linker created -
?main                    0x800'7115         Code  Gb  cmain.o [4]
ADC_ConversionStop_Disable
                         0x800'6a35   0x4a  Code  Gb  stm32f1xx_hal_adc.o [1]
ADC_Enable               0x800'699f   0x6e  Code  Gb  stm32f1xx_hal_adc.o [1]
AHBPrescTable            0x800'74a8   0x10  Data  Gb  system_stm32f1xx.o [1]
APBPrescTable            0x800'7534    0x8  Data  Gb  system_stm32f1xx.o [1]
BusFault_Handler         0x800'6c67    0x2  Code  Gb  stm32f1xx_it.o [1]
CSTACK$$Base            0x2000'0500          --   Gb  - Linker created -
CSTACK$$Limit           0x2000'0900          --   Gb  - Linker created -
CacheMore                0x800'4539   0x24  Code  Lc  xlocale_c.o [2]
DebugMon_Handler         0x800'6c6d    0x2  Code  Gb  stm32f1xx_it.o [1]
Error_Handler            0x800'6599    0x2  Code  Gb  main.o [1]
HAL_ADC_ConfigChannel    0x800'684d  0x152  Code  Gb  stm32f1xx_hal_adc.o [1]
HAL_ADC_GetValue         0x800'6847    0x6  Code  Gb  stm32f1xx_hal_adc.o [1]
HAL_ADC_Init             0x800'65c1  0x164  Code  Gb  stm32f1xx_hal_adc.o [1]
HAL_ADC_MspInit          0x800'5379   0x50  Code  Gb  stm32f1xx_hal_msp.o [1]
HAL_ADC_Start            0x800'6725  0x122  Code  Gb  stm32f1xx_hal_adc.o [1]
HAL_DMA_Abort_IT         0x800'55ad  0x1be  Code  Gb  stm32f1xx_hal_dma.o [1]
HAL_Delay                0x800'5315   0x28  Code  Wk  stm32f1xx_hal.o [1]
HAL_GPIO_Init            0x800'5051  0x23e  Code  Gb  stm32f1xx_hal_gpio.o [1]
HAL_GPIO_ReadPin         0x800'528f   0x16  Code  Gb  stm32f1xx_hal_gpio.o [1]
HAL_GPIO_TogglePin       0x800'52bf    0xc  Code  Gb  stm32f1xx_hal_gpio.o [1]
HAL_GPIO_WritePin        0x800'52a5   0x1a  Code  Gb  stm32f1xx_hal_gpio.o [1]
HAL_GetTick              0x800'55a1    0xc  Code  Wk  stm32f1xx_hal.o [1]
HAL_IncTick              0x800'6c95   0x18  Code  Wk  stm32f1xx_hal.o [1]
HAL_Init                 0x800'659d   0x20  Code  Gb  stm32f1xx_hal.o [1]
HAL_InitTick             0x800'5fa1   0x4c  Code  Wk  stm32f1xx_hal.o [1]
HAL_MspInit              0x800'533d   0x3c  Code  Gb  stm32f1xx_hal_msp.o [1]
HAL_NVIC_EnableIRQ       0x800'37bb    0xe  Code  Gb  stm32f1xx_hal_cortex.o [1]
HAL_NVIC_SetPriority     0x800'3791   0x2a  Code  Gb  stm32f1xx_hal_cortex.o [1]
HAL_NVIC_SetPriorityGrouping
                         0x800'3785    0xc  Code  Gb  stm32f1xx_hal_cortex.o [1]
HAL_NVIC_SystemReset     0x800'37c9    0x8  Code  Gb  stm32f1xx_hal_cortex.o [1]
HAL_RCCEx_PeriphCLKConfig
                         0x800'6a81  0x118  Code  Gb  stm32f1xx_hal_rcc_ex.o [1]
HAL_RCC_ClockConfig      0x800'5b69  0x190  Code  Gb  stm32f1xx_hal_rcc.o [1]
HAL_RCC_GetHCLKFreq      0x800'5d69    0x6  Code  Gb  stm32f1xx_hal_rcc.o [1]
HAL_RCC_GetPCLK1Freq     0x800'5d6f   0x16  Code  Gb  stm32f1xx_hal_rcc.o [1]
HAL_RCC_GetPCLK2Freq     0x800'5d85   0x16  Code  Gb  stm32f1xx_hal_rcc.o [1]
HAL_RCC_GetSysClockFreq
                         0x800'5cf9   0x70  Code  Gb  stm32f1xx_hal_rcc.o [1]
HAL_RCC_OscConfig        0x800'57a9  0x3c0  Code  Gb  stm32f1xx_hal_rcc.o [1]
HAL_SYSTICK_Config       0x800'37d1    0xc  Code  Gb  stm32f1xx_hal_cortex.o [1]
HAL_TIMEx_BreakCallback
                         0x800'5e0d    0x2  Code  Wk  stm32f1xx_hal_tim_ex.o [1]
HAL_TIMEx_CommutationCallback
                         0x800'5e11    0x2  Code  Wk  stm32f1xx_hal_tim_ex.o [1]
HAL_TIMEx_MasterConfigSynchronization
                         0x800'6bad   0x5a  Code  Gb  stm32f1xx_hal_tim_ex.o [1]
HAL_TIM_Base_Init        0x800'3edd   0x38  Code  Gb  stm32f1xx_hal_tim.o [1]
HAL_TIM_Base_MspInit     0x800'53c9   0x78  Code  Gb  stm32f1xx_hal_msp.o [1]
HAL_TIM_Base_Start_IT    0x800'3f15   0x1e  Code  Gb  stm32f1xx_hal_tim.o [1]
HAL_TIM_ConfigClockSource
                         0x800'41b7  0x11c  Code  Gb  stm32f1xx_hal_tim.o [1]
HAL_TIM_IC_ConfigChannel
                         0x800'40e1   0xd6  Code  Gb  stm32f1xx_hal_tim.o [1]
HAL_TIM_IC_Init          0x800'3f33   0x38  Code  Gb  stm32f1xx_hal_tim.o [1]
HAL_TIM_IRQHandler       0x800'3f6b  0x176  Code  Gb  stm32f1xx_hal_tim.o [1]
HAL_TIM_PeriodElapsedCallback
                         0x800'1ba5   0x6c  Code  Gb  gizwits_product.o [1]
HAL_UART_IRQHandler      0x800'3a23  0x14a  Code  Gb  stm32f1xx_hal_uart.o [1]
HAL_UART_Init            0x800'3801   0x76  Code  Gb  stm32f1xx_hal_uart.o [1]
HAL_UART_MspInit         0x800'5441  0x13a  Code  Gb  stm32f1xx_hal_msp.o [1]
HAL_UART_Receive_IT      0x800'39b1   0x72  Code  Gb  stm32f1xx_hal_uart.o [1]
HAL_UART_RxCpltCallback
                         0x800'1c1b   0x22  Code  Gb  gizwits_product.o [1]
HAL_UART_Transmit        0x800'3877   0xe0  Code  Gb  stm32f1xx_hal_uart.o [1]
HAL_UART_Transmit_IT     0x800'3957   0x5a  Code  Gb  stm32f1xx_hal_uart.o [1]
HardFault_Handler        0x800'6c63    0x2  Code  Gb  stm32f1xx_it.o [1]
LoadInt                  0x800'1fe3   0x7a  Code  Lc  xprintffull.o [2]
MX_ADC1_Init             0x800'618d   0x5c  Code  Lc  main.o [1]
MX_GPIO_Init             0x800'6331  0x1f4  Code  Lc  main.o [1]
MX_TIM2_Init             0x800'61e9   0xac  Code  Lc  main.o [1]
MX_USART1_UART_Init      0x800'6295   0x34  Code  Lc  main.o [1]
MX_USART2_UART_Init      0x800'62c9   0x34  Code  Lc  main.o [1]
MX_USART3_UART_Init      0x800'62fd   0x34  Code  Lc  main.o [1]
MemManage_Handler        0x800'6c65    0x2  Code  Gb  stm32f1xx_it.o [1]
NMI_Handler              0x800'6c61    0x2  Code  Gb  stm32f1xx_it.o [1]
NVIC_EnableIRQ           0x800'36b9   0x16  Code  Lc  stm32f1xx_hal_cortex.o [1]
NVIC_EncodePriority      0x800'36fb   0x40  Code  Lc  stm32f1xx_hal_cortex.o [1]
NVIC_GetPriorityGrouping
                         0x800'36af    0xa  Code  Lc  stm32f1xx_hal_cortex.o [1]
NVIC_SetPriority         0x800'36cf   0x2c  Code  Lc  stm32f1xx_hal_cortex.o [1]
NVIC_SetPriorityGrouping
                         0x800'3691   0x1e  Code  Lc  stm32f1xx_hal_cortex.o [1]
NVIC_SystemReset         0x800'373b   0x1a  Code  Lc  stm32f1xx_hal_cortex.o [1]
PendSV_Handler           0x800'6c6f    0x2  Code  Gb  stm32f1xx_it.o [1]
RCC_Delay                0x800'5d9b   0x26  Code  Lc  stm32f1xx_hal_rcc.o [1]
Region$$Table$$Base      0x800'6fd4          --   Gb  - Linker created -
Region$$Table$$Limit     0x800'6ff4          --   Gb  - Linker created -
SVC_Handler              0x800'6c6b    0x2  Code  Gb  stm32f1xx_it.o [1]
Speakaword               0x800'35f7   0x76  Code  Gb  Vending_Machine.o [1]
SysTick_Config           0x800'3755   0x30  Code  Lc  stm32f1xx_hal_cortex.o [1]
SysTick_Handler          0x800'6c71    0x8  Code  Gb  stm32f1xx_it.o [1]
SystemClock_Config       0x800'6105   0x88  Code  Gb  main.o [1]
SystemCoreClock         0x2000'0004    0x4  Data  Gb  system_stm32f1xx.o [1]
SystemInit               0x800'6c09   0x3e  Code  Gb  system_stm32f1xx.o [1]
TIM2_IRQHandler          0x800'6c79    0xa  Code  Gb  stm32f1xx_it.o [1]
TIM_Base_SetConfig       0x800'42d3   0x90  Code  Gb  stm32f1xx_hal_tim.o [1]
TIM_ETR_SetConfig        0x800'4519   0x1a  Code  Lc  stm32f1xx_hal_tim.o [1]
TIM_ITRx_SetConfig       0x800'44ff   0x1a  Code  Lc  stm32f1xx_hal_tim.o [1]
TIM_TI1_ConfigInputStage
                         0x800'43e9   0x28  Code  Lc  stm32f1xx_hal_tim.o [1]
TIM_TI1_SetConfig        0x800'4363   0x6e  Code  Gb  stm32f1xx_hal_tim.o [1]
TIM_TI2_ConfigInputStage
                         0x800'4453   0x2a  Code  Lc  stm32f1xx_hal_tim.o [1]
TIM_TI2_SetConfig        0x800'4411   0x42  Code  Lc  stm32f1xx_hal_tim.o [1]
TIM_TI3_SetConfig        0x800'447d   0x40  Code  Lc  stm32f1xx_hal_tim.o [1]
TIM_TI4_SetConfig        0x800'44bd   0x42  Code  Lc  stm32f1xx_hal_tim.o [1]
UART_DMAAbortOnError     0x800'3bfd   0x16  Code  Lc  stm32f1xx_hal_uart.o [1]
UART_EndRxTransfer       0x800'3bdb   0x20  Code  Lc  stm32f1xx_hal_uart.o [1]
UART_EndTransmit_IT      0x800'3c83   0x20  Code  Lc  stm32f1xx_hal_uart.o [1]
UART_Receive_IT          0x800'3ca3   0xae  Code  Lc  stm32f1xx_hal_uart.o [1]
UART_SetConfig           0x800'3d51  0x184  Code  Lc  stm32f1xx_hal_uart.o [1]
UART_Transmit_IT         0x800'3c15   0x6e  Code  Lc  stm32f1xx_hal_uart.o [1]
UART_WaitOnFlagUntilTimeout
                         0x800'3b6d   0x6e  Code  Lc  stm32f1xx_hal_uart.o [1]
USART2_IRQHandler        0x800'6c83    0xa  Code  Gb  stm32f1xx_it.o [1]
UsageFault_Handler       0x800'6c69    0x2  Code  Gb  stm32f1xx_it.o [1]
VM_Control              0x2000'04c8    0xc  Data  Gb  Vending_Machine.o [1]
VM_Count                0x2000'0400   0x38  Data  Gb  Vending_Machine.o [1]
VM_InnerCtrl            0x2000'0468   0x28  Data  Gb  Vending_Machine.o [1]
VM_Reply                0x2000'04b8   0x10  Data  Gb  Vending_Machine.o [1]
Vending_MachineInit      0x800'2d9d   0x50  Code  Gb  Vending_Machine.o [1]
_Encoding_8859_1_Mbrlen
                         0x800'1e15    0x2  Code  Gb  xencoding_8859_1.o [2]
_Encoding_8859_1_Wctomb
                         0x800'1e03   0x12  Code  Gb  xencoding_8859_1.o [2]
_GenldFull               0x800'2a75  0x274  Code  Lc  xprintffull.o [2]
_LdtobFull               0x800'2649  0x400  Code  Lc  xprintffull.o [2]
_LitobFull               0x800'24f1  0x112  Code  Lc  xprintffull.o [2]
_Locale_lconv           0x2000'0008   0x38  Data  Lc  xlocale_c.o [2]
_PrintfFull              0x800'1e21  0x1aa  Code  Gb  xprintffull.o [2]
_Prout                   0x800'7369   0x16  Code  Gb  xprout.o [2]
_PutcharsFull            0x800'2ce9   0x2e  Code  Lc  xprintffull.o [2]
_PutfldFull              0x800'205d  0x2d8  Code  Lc  xprintffull.o [2]
_PutstrFull              0x800'242b   0xc6  Code  Lc  xprintffull.o [2]
_PuttxtFull              0x800'2335   0xf6  Code  Lc  xprintffull.o [2]
__aeabi_cdcmple          0x800'4ae5         Code  Gb  DblCmpLe.o [3]
__aeabi_cdrcmple         0x800'4b15         Code  Gb  DblCmpGe.o [3]
__aeabi_d2iz             0x800'4c81         Code  Gb  DblToS32.o [3]
__aeabi_d2uiz            0x800'500d         Code  Gb  DblToU32.o [3]
__aeabi_dadd             0x800'5e1d         Code  Gb  DblAdd.o [3]
__aeabi_ddiv             0x800'4dc5         Code  Gb  DblDiv.o [3]
__aeabi_dmul             0x800'48d1         Code  Gb  DblMul.o [3]
__aeabi_dsub             0x800'4ce1         Code  Gb  DblSub.o [3]
__aeabi_i2d              0x800'4cbd         Code  Gb  S32ToDbl.o [3]
__aeabi_ldiv0            0x800'5e19         Code  Gb  I64DivZer.o [4]
__aeabi_memclr4          0x800'5f99         Code  Gb  ABImemclr4.o [4]
__aeabi_memcpy           0x800'1695         Code  Gb  ABImemcpy.o [4]
__aeabi_memcpy4          0x800'16b5         Code  Gb  ABImemcpy.o [4]
__aeabi_memcpy8          0x800'16b5         Code  Gb  ABImemcpy.o [4]
__aeabi_memset           0x800'15b5         Code  Gb  ABImemset.o [4]
__aeabi_ui2d             0x800'5035         Code  Gb  U32ToDbl.o [3]
__aeabi_uldivmod         0x800'46a1         Code  Gb  I64DivMod.o [4]
__cmain                  0x800'7115         Code  Gb  cmain.o [4]
__exit                   0x800'5fed   0x14  Code  Gb  exit.o [5]
__iar_Fail_s             0x800'45c5   0x1c  Code  Gb  xfail_s.o [2]
__iar_Mbcurmax           0x800'4695    0xa  Code  Gb  xmbcurmax.o [2]
__iar_Memchr             0x800'463d         Code  Gb  memchr.o [4]
__iar_Memset             0x800'15b5         Code  Gb  ABImemset.o [4]
__iar_Memset4_word       0x800'6001         Code  Gb  ABImemset48.o [4]
__iar_Memset8_word       0x800'6001         Code  Gb  ABImemset48.o [4]
__iar_Memset_word        0x800'15bd         Code  Gb  ABImemset.o [4]
__iar_Stdout            0x2000'0088   0x48  Data  Gb  xfiles.o [2]
__iar_Strchr             0x800'45ad         Code  Gb  strchr.o [4]
__iar_dadd               0x800'4cf1         Code  Gb  DblSub.o [3]
__iar_data_init3         0x800'6f41   0x28  Code  Gb  data_init.o [4]
__iar_dsub               0x800'5e2d         Code  Gb  DblAdd.o [3]
__iar_dsubStart          0x800'5e3f         Code  Gb  DblAdd.o [3]
__iar_frexp              0x800'4a81         Code  Gb  frexp.o [3]
__iar_frexp64            0x800'4a75         Code  Gb  frexp.o [3]
__iar_frexpl             0x800'4a81         Code  Gb  frexp.o [3]
__iar_globLocale        0x2000'0040   0x48  Data  Lc  xlocale_c.o [2]
__iar_global_Locale      0x800'4535    0x4  Code  Gb  xlocale_c.o [2]
__iar_ldexp64            0x800'4b45         Code  Gb  ldexp.o [3]
__iar_lz77_init_single3
                         0x800'161b   0x7a  Code  Gb  lz77_init_single.o [4]
__iar_program_start      0x800'7511         Code  Gb  cstartup_M.o [4]
__iar_scalbln64          0x800'4b45         Code  Gb  ldexp.o [3]
__iar_scalbn64           0x800'4b45         Code  Gb  ldexp.o [3]
__iar_zero_init3         0x800'173b   0x3a  Code  Gb  zero_init3.o [4]
__low_level_init         0x800'7133    0x4  Code  Gb  low_level_init.o [2]
__vector_table           0x800'0000         Data  Gb  startup_stm32f103xe.o [1]
_call_main               0x800'7121         Code  Gb  cmain.o [4]
_exit                    0x800'713d         Code  Gb  cexit.o [4]
_gLocale_mblen           0x800'4599    0x4  Code  Gb  xlocale_c.o [2]
_gLocale_mblenInt        0x800'455d   0x2c  Code  Gb  xlocale_c.o [2]
_gLocale_wctomb          0x800'459d    0x4  Code  Gb  xlocale_c.o [2]
_gLocale_wctombInt       0x800'4595    0x4  Code  Gb  xlocale_c.o [2]
_main                    0x800'712f         Code  Gb  cmain.o [4]
aRxBuffer               0x2000'04fc    0x1  Data  Gb  gizwits_product.o [1]
abort                    0x800'5e13    0x6  Code  Gb  abort.o [2]
adc_result              0x2000'04d8    0x8  Data  Gb  main.o [1]
adcx                    0x2000'04ec    0x4  Data  Gb  main.o [1]
currentDataPoint        0x2000'0490   0x18  Data  Gb  gizwits_product.o [1]
do_opendoor              0x800'3417   0x6e  Code  Gb  Vending_Machine.o [1]
do_selfcheck             0x800'2ded  0x3da  Code  Gb  Vending_Machine.o [1]
do_shipment              0x800'31c7  0x250  Code  Gb  Vending_Machine.o [1]
do_shutdown              0x800'3485   0x10  Code  Gb  Vending_Machine.o [1]
do_zhuce                 0x800'3495    0xa  Code  Gb  Vending_Machine.o [1]
exchangeBytes            0x800'1dc9   0x1e  Code  Gb  common.o [1]
exchangeWord             0x800'1de7   0x1c  Code  Gb  common.o [1]
exit                     0x800'7137    0x4  Code  Gb  exit.o [2]
fputc                    0x800'1b8d   0x18  Code  Gb  gizwits_product.o [1]
frexp                    0x800'4a75         Code  Gb  frexp.o [3]
frexpl                   0x800'4a75         Code  Gb  frexp.o [3]
gizCheckReport           0x800'024d   0x8c  Code  Lc  gizwits_protocol.o [1]
gizCheckReport::lastReportTime
                        0x2000'04e4    0x4  Data  Lc  gizwits_protocol.o [1]
gizDataPoint2Event       0x800'01f9   0x54  Code  Lc  gizwits_protocol.o [1]
gizDataPoints2ReportData
                         0x800'02d9   0x4a  Code  Lc  gizwits_protocol.o [1]
gizDevReportPolicy       0x800'05ff   0xa6  Code  Lc  gizwits_protocol.o [1]
gizDevReportPolicy::lastRepTime
                        0x2000'04e8    0x4  Data  Lc  gizwits_protocol.o [1]
gizGetTimerCount         0x800'1b79    0x6  Code  Gb  gizwits_product.o [1]
gizProtocolAckHandle     0x800'093f   0x5a  Code  Lc  gizwits_protocol.o [1]
gizProtocolCommonAck     0x800'08d3   0x6c  Code  Lc  gizwits_protocol.o [1]
gizProtocolErrorCmd      0x800'0ab3   0x62  Code  Lc  gizwits_protocol.o [1]
gizProtocolGetDeviceInfo
                         0x800'0999  0x11a  Code  Lc  gizwits_protocol.o [1]
gizProtocolGetOnePacket
                         0x800'06a5  0x1b2  Code  Lc  gizwits_protocol.o [1]
gizProtocolGetOnePacket::debugCount
                        0x2000'04ff    0x1  Data  Lc  gizwits_protocol.o [1]
gizProtocolGetOnePacket::lastData
                        0x2000'04fe    0x1  Data  Lc  gizwits_protocol.o [1]
gizProtocolGetOnePacket::protocolCount
                        0x2000'04f8    0x2  Data  Lc  gizwits_protocol.o [1]
gizProtocolGetOnePacket::protocolFlag
                        0x2000'04fd    0x1  Data  Lc  gizwits_protocol.o [1]
gizProtocolHeadInit      0x800'016f   0x30  Code  Lc  gizwits_protocol.o [1]
gizProtocolIssuedDataAck
                         0x800'0421  0x140  Code  Lc  gizwits_protocol.o [1]
gizProtocolIssuedProcess
                         0x800'0323   0xfe  Code  Lc  gizwits_protocol.o [1]
gizProtocolModuleInfoHandle
                         0x800'0fad   0x54  Code  Lc  gizwits_protocol.o [1]
gizProtocolModuleStatus
                         0x800'0bbd  0x37e  Code  Lc  gizwits_protocol.o [1]
gizProtocolModuleStatus::lastStatus
                        0x2000'04fa    0x2  Data  Lc  gizwits_protocol.o [1]
gizProtocolNTP           0x800'0b15   0x6c  Code  Lc  gizwits_protocol.o [1]
gizProtocolReboot        0x800'0ba1   0x1c  Code  Lc  gizwits_protocol.o [1]
gizProtocolResendData    0x800'0857   0x3e  Code  Lc  gizwits_protocol.o [1]
gizProtocolSum           0x800'1d9d   0x2c  Code  Gb  common.o [1]
gizProtocolWaitAck       0x800'019f   0x5a  Code  Lc  gizwits_protocol.o [1]
gizProtocolWaitAckCheck
                         0x800'0895   0x3e  Code  Lc  gizwits_protocol.o [1]
gizPutData               0x800'0131   0x3e  Code  Gb  gizwits_protocol.o [1]
gizReportData            0x800'0561   0x9e  Code  Lc  gizwits_protocol.o [1]
gizTimerMs               0x800'1b6f    0xa  Code  Gb  gizwits_product.o [1]
gizwitsEventProcess      0x800'1775  0x286  Code  Gb  gizwits_product.o [1]
gizwitsHandle            0x800'1025  0x2a6  Code  Gb  gizwits_protocol.o [1]
gizwitsInit              0x800'0f45   0x40  Code  Gb  gizwits_protocol.o [1]
gizwitsProtocol         0x2000'00d4  0x180  Data  Gb  gizwits_protocol.o [1]
hadc1                   0x2000'0438   0x30  Data  Gb  main.o [1]
htim2                   0x2000'0300   0x40  Data  Gb  main.o [1]
huart1                  0x2000'0340   0x40  Data  Gb  main.o [1]
huart2                  0x2000'0380   0x40  Data  Gb  main.o [1]
huart3                  0x2000'03c0   0x40  Data  Gb  main.o [1]
ldexp                    0x800'4b45         Code  Gb  ldexp.o [3]
ldexpl                   0x800'4b45         Code  Gb  ldexp.o [3]
localeconv               0x800'45a1    0x4  Code  Gb  xlocale_c.o [2]
main                     0x800'6035   0xd0  Code  Gb  main.o [1]
mcuRestart               0x800'1b7f    0xe  Code  Gb  gizwits_product.o [1]
memchr                   0x800'463d         Code  Gb  memchr.o [4]
memcmp                   0x800'1d35         Code  Gb  memcmp.o [4]
obuf                    0x2000'02b0   0x50  Data  Lc  xfiles.o [2]
pRb                     0x2000'04a8   0x10  Data  Gb  gizwits_protocol.o [1]
printf                   0x800'1385   0x28  Code  Gb  printf.o [2]
putchar                  0x800'7381    0xc  Code  Gb  putchar.o [2]
rbBuf                   0x2000'0254   0x5c  Data  Lc  gizwits_protocol.o [1]
rbCanRead                0x800'13d5   0x3a  Code  Gb  ringbuffer.o [1]
rbCanWrite               0x800'140f   0x22  Code  Gb  ringbuffer.o [1]
rbCapacity               0x800'13c5   0x10  Code  Gb  ringbuffer.o [1]
rbCreate                 0x800'13ad   0x18  Code  Gb  ringbuffer.o [1]
rbRead                   0x800'1431   0xca  Code  Gb  ringbuffer.o [1]
rbWrite                  0x800'14fb   0xba  Code  Gb  ringbuffer.o [1]
scalbln                  0x800'4b45         Code  Gb  ldexp.o [3]
scalblnl                 0x800'4b45         Code  Gb  ldexp.o [3]
scalbn                   0x800'4b45         Code  Gb  ldexp.o [3]
scalbnl                  0x800'4b45         Code  Gb  ldexp.o [3]
scale                    0x800'2603   0x46  Code  Lc  xprintffull.o [2]
sec_hand                0x2000'04f4    0x4  Data  Lc  xfail_s.o [2]
stepmoto                 0x800'349f  0x158  Code  Gb  Vending_Machine.o [1]
strchr                   0x800'45ad         Code  Gb  strchr.o [4]
strlen                   0x800'4605         Code  Gb  strlen.o [4]
timerInit                0x800'1c11    0xa  Code  Gb  gizwits_product.o [1]
timerMsCount            0x2000'04e0    0x4  Data  Lc  gizwits_product.o [1]
uartInit                 0x800'1c3d    0xe  Code  Gb  gizwits_product.o [1]
uartWrite                0x800'1c4b   0x94  Code  Gb  gizwits_product.o [1]
userHandle               0x800'19fb  0x160  Code  Gb  gizwits_product.o [1]
userInit                 0x800'1b5b   0x14  Code  Gb  gizwits_product.o [1]
uwTick                  0x2000'04f0    0x4  Data  Gb  stm32f1xx_hal.o [1]
uwTickFreq              0x2000'00d0    0x1  Data  Gb  stm32f1xx_hal.o [1]
uwTickPrio              0x2000'0000    0x4  Data  Gb  stm32f1xx_hal.o [1]


[1] = D:\myProgram\STM32\Newbing\EWARM\MCU_STM32F103RCx\Obj
[2] = dl7M_tlf.a
[3] = m7M_tl.a
[4] = rt7M_tl.a
[5] = shb_l.a

  28 203 bytes of readonly  code memory
   2 138 bytes of readonly  data memory
   2 301 bytes of readwrite data memory

Errors: none
Warnings: none
